0.80224
